
Running 2 tests using 1 worker

Global Setup: Logging in...
  ✓  1 [setup] › tests/auth.setup.ts:6:6 › authenticate (2.7s)
  ✘  2 [chromium] › tests/employerJobPost.spec.ts:446:7 › Employer Job Posting Flow › TC14 Click Cancel from Step 2 redirects to Step 1 (1.5m)
  ✘  3 [chromium] › tests/employerJobPost.spec.ts:446:7 › Employer Job Posting Flow › TC14 Click Cancel from Step 2 redirects to Step 1 (retry #1) (1.5m)


  1) [chromium] › tests/employerJobPost.spec.ts:446:7 › Employer Job Posting Flow › TC14 Click Cancel from Step 2 redirects to Step 1 

    [31mTest timeout of 90000ms exceeded.[39m

    Error: locator.click: Test timeout of 90000ms exceeded.
    Call log:
    [2m  - waiting for getByRole('button', { name: 'Cancel', exact: true }).first()[22m


      455 |
      456 |     const cancelBtn = page.getByRole('button', { name: 'Cancel', exact: true }).first();
    > 457 |     await cancelBtn.click();
          |                     ^
      458 |
      459 |     const jobTitleInputStep1 = page.getByPlaceholder(/Enter Job Title/i).first();
      460 |     await expect(jobTitleInputStep1).toBeVisible({ timeout: 10000 });
        at /Users/tanushree/.gemini/antigravity/scratch/playwright-avua/tests/employerJobPost.spec.ts:457:21

    attachment #1: screenshot (image/png) ──────────────────────────────────────────────────────────
    test-results/employerJobPost-Employer-J-d8e31--Step-2-redirects-to-Step-1-chromium/test-failed-1.png
    ────────────────────────────────────────────────────────────────────────────────────────────────

    attachment #2: video (video/webm) ──────────────────────────────────────────────────────────────
    test-results/employerJobPost-Employer-J-d8e31--Step-2-redirects-to-Step-1-chromium/video.webm
    ────────────────────────────────────────────────────────────────────────────────────────────────

    Error Context: test-results/employerJobPost-Employer-J-d8e31--Step-2-redirects-to-Step-1-chromium/error-context.md

    attachment #4: trace (application/zip) ─────────────────────────────────────────────────────────
    test-results/employerJobPost-Employer-J-d8e31--Step-2-redirects-to-Step-1-chromium/trace.zip
    Usage:

        npx playwright show-trace test-results/employerJobPost-Employer-J-d8e31--Step-2-redirects-to-Step-1-chromium/trace.zip

    ────────────────────────────────────────────────────────────────────────────────────────────────

    Retry #1 ───────────────────────────────────────────────────────────────────────────────────────

    [31mTest timeout of 90000ms exceeded.[39m

    Error: locator.click: Test timeout of 90000ms exceeded.
    Call log:
    [2m  - waiting for getByRole('button', { name: 'Cancel', exact: true }).first()[22m


      455 |
      456 |     const backBtn = page.getByRole('button', { name: 'Back', exact: true }).first();
    > 457 |     await backBtn.click();
          |                     ^
      458 |
      459 |     const jobTitleInputStep1 = page.getByPlaceholder(/Enter Job Title/i).first();
      460 |     await expect(jobTitleInputStep1).toBeVisible({ timeout: 10000 });
        at /Users/tanushree/.gemini/antigravity/scratch/playwright-avua/tests/employerJobPost.spec.ts:457:21

    attachment #1: screenshot (image/png) ──────────────────────────────────────────────────────────
    test-results/employerJobPost-Employer-J-d8e31--Step-2-redirects-to-Step-1-chromium-retry1/test-failed-1.png
    ────────────────────────────────────────────────────────────────────────────────────────────────

    Error Context: test-results/employerJobPost-Employer-J-d8e31--Step-2-redirects-to-Step-1-chromium-retry1/error-context.md

    attachment #3: trace (application/zip) ─────────────────────────────────────────────────────────
    test-results/employerJobPost-Employer-J-d8e31--Step-2-redirects-to-Step-1-chromium-retry1/trace.zip
    Usage:

        npx playwright show-trace test-results/employerJobPost-Employer-J-d8e31--Step-2-redirects-to-Step-1-chromium-retry1/trace.zip

    ────────────────────────────────────────────────────────────────────────────────────────────────

  1 failed
    [chromium] › tests/employerJobPost.spec.ts:446:7 › Employer Job Posting Flow › TC14 Click Cancel from Step 2 redirects to Step 1 
  1 passed (3.2m)
